
      <ul id="sg-code-tree-requerio-help" class="sg-code-tree-requerio">
        <li class="sg-code-tree-requerio sg-code-tree-requerio-branch">
          <span class="clickable">How to dispatch actions in your browser's Developer Tools:</span>
          <ul class="sg-code-tree-requerio sg-code-tree-requerio-branch">
            <li class="sg-code-tree-requerio sg-code-tree-requerio-node sg-code-tree-requerio-leaf">Use your cursor to inspect the Requerio organism you wish to dispatch actions on.</li>
            <li class="sg-code-tree-requerio sg-code-tree-requerio-node sg-code-tree-requerio-leaf">This should open the Inspector or Elements tab of the Developer Tools.</li>
            <li class="sg-code-tree-requerio sg-code-tree-requerio-node sg-code-tree-requerio-leaf">Click the adjacent tab to open the Console of the Developer Tools.</li>
            <li class="sg-code-tree-requerio sg-code-tree-requerio-node sg-code-tree-requerio-leaf">Enter the following example in the Console:</li>
            <li class="sg-code-tree-requerio sg-code-tree-requerio-node sg-code-tree-requerio-leaf">requerio.$orgs['#nav'].dispatchAction('css', {backgroundColor: 'green'})</li>
            <li class="sg-code-tree-requerio sg-code-tree-requerio-node sg-code-tree-requerio-leaf">The state change should be immediately visible.</li>
            <li class="sg-code-tree-requerio sg-code-tree-requerio-node sg-code-tree-requerio-leaf">If the nav is hidden because the viewport is too narrow, either widen the viewport, or click the sidebar toggle to show the nav.</li>
            <li class="sg-code-tree-requerio sg-code-tree-requerio-node sg-code-tree-requerio-leaf">If not on the default demo site, or if the #nav element doesn't exist, replace '#nav' with your own selector, and the arguments with your own arguments.</li>
            <li class="sg-code-tree-requerio sg-code-tree-requerio-node sg-code-tree-requerio-leaf"><a href="https://github.com/electric-eloquence/requerio#readme" target="_blank">Main Requerio docs.</a></li>
            <li class="sg-code-tree-requerio sg-code-tree-requerio-node sg-code-tree-requerio-leaf"><a href="https://github.com/electric-eloquence/requerio/blob/dev/docs/methods.md" target="_blank">Action methods and their arguments.</a></li>
          </ul>
        </li>
      </ul>
    <ul id="sg-code-tree-requerio-trunk" class="sg-code-tree-requerio"><li class="sg-code-tree-requerio sg-code-tree-requerio-node sg-code-tree-requerio-branch"><span class="clickable sg-code-tree-requerio-key">#sg-code-pane-requerio:</span>
<ul class="sg-code-tree-requerio sg-code-tree-requerio-branch sg-code-tree-requerio-value"><li class="sg-code-tree-requerio sg-code-tree-requerio-node sg-code-tree-requerio-branch"><span class="clickable sg-code-tree-requerio-key">attribs:</span>
<ul class="sg-code-tree-requerio sg-code-tree-requerio-branch sg-code-tree-requerio-value"><li class="sg-code-tree-requerio sg-code-tree-requerio-node sg-code-tree-requerio-leaf"><span class="sg-code-tree-requerio-key">id:</span>
<span class="sg-code-tree-requerio-value">"sg-code-pane-requerio"</span></li><li class="sg-code-tree-requerio sg-code-tree-requerio-node sg-code-tree-requerio-leaf"><span class="sg-code-tree-requerio-key">class:</span>
<span class="sg-code-tree-requerio-value">"sg-code-pane"</span></li></ul></li><li class="sg-code-tree-requerio sg-code-tree-requerio-node sg-code-tree-requerio-branch"><span class="clickable sg-code-tree-requerio-key">boundingClientRect:</span>
<ul class="sg-code-tree-requerio sg-code-tree-requerio-branch sg-code-tree-requerio-value"><li class="sg-code-tree-requerio sg-code-tree-requerio-node sg-code-tree-requerio-leaf"><span class="sg-code-tree-requerio-key">width:</span>
<span class="sg-code-tree-requerio-value">null</span></li><li class="sg-code-tree-requerio sg-code-tree-requerio-node sg-code-tree-requerio-leaf"><span class="sg-code-tree-requerio-key">height:</span>
<span class="sg-code-tree-requerio-value">null</span></li><li class="sg-code-tree-requerio sg-code-tree-requerio-node sg-code-tree-requerio-leaf"><span class="sg-code-tree-requerio-key">top:</span>
<span class="sg-code-tree-requerio-value">null</span></li><li class="sg-code-tree-requerio sg-code-tree-requerio-node sg-code-tree-requerio-leaf"><span class="sg-code-tree-requerio-key">right:</span>
<span class="sg-code-tree-requerio-value">null</span></li><li class="sg-code-tree-requerio sg-code-tree-requerio-node sg-code-tree-requerio-leaf"><span class="sg-code-tree-requerio-key">bottom:</span>
<span class="sg-code-tree-requerio-value">null</span></li><li class="sg-code-tree-requerio sg-code-tree-requerio-node sg-code-tree-requerio-leaf"><span class="sg-code-tree-requerio-key">left:</span>
<span class="sg-code-tree-requerio-value">null</span></li><li class="sg-code-tree-requerio sg-code-tree-requerio-node sg-code-tree-requerio-leaf"><span class="sg-code-tree-requerio-key">x:</span>
<span class="sg-code-tree-requerio-value">null</span></li><li class="sg-code-tree-requerio sg-code-tree-requerio-node sg-code-tree-requerio-leaf"><span class="sg-code-tree-requerio-key">y:</span>
<span class="sg-code-tree-requerio-value">null</span></li></ul></li><li class="sg-code-tree-requerio sg-code-tree-requerio-node sg-code-tree-requerio-branch"><span class="clickable sg-code-tree-requerio-key">classArray:</span>
<ul class="sg-code-tree-requerio sg-code-tree-requerio-branch sg-code-tree-requerio-value"><li class="sg-code-tree-requerio sg-code-tree-requerio-node sg-code-tree-requerio-leaf"><span class="sg-code-tree-requerio-key">0:</span>
<span class="sg-code-tree-requerio-value">"sg-code-pane"</span></li></ul></li><li class="sg-code-tree-requerio sg-code-tree-requerio-node sg-code-tree-requerio-leaf"><span class="sg-code-tree-requerio-key">css:</span>
<span class="sg-code-tree-requerio-value">{}</span></li><li class="sg-code-tree-requerio sg-code-tree-requerio-node sg-code-tree-requerio-leaf"><span class="sg-code-tree-requerio-key">data:</span>
<span class="sg-code-tree-requerio-value">{}</span></li><li class="sg-code-tree-requerio sg-code-tree-requerio-node sg-code-tree-requerio-branch"><span class="clickable sg-code-tree-requerio-key">html:</span>
<ul class="sg-code-tree-requerio sg-code-tree-requerio-branch sg-code-tree-requerio-value"><li class="sg-code-tree-requerio sg-code-tree-requerio-node sg-code-tree-requerio-leaf"><span class="sg-code-tree-requerio-value">
      <ul id="sg-code-tree-requerio-help" class="sg-code-tree-requerio">
        <li class="sg-code-tree-requerio sg-code-tree-requerio-branch">
          <span class="clickable">How to dispatch actions in your browser's Developer Tools:</span>
          <ul class="sg-code-tree-requerio sg-code-tree-requerio-branch">
            <li class="sg-code-tree-requerio sg-code-tree-requerio-node sg-code-tree-requerio-leaf">Use your cursor to inspect the Requerio organism you wish to dispatch actions on.</li>
            <li class="sg-code-tree-requerio sg-code-tree-requerio-node sg-code-tree-requerio-leaf">This should open the Inspector or Elements tab of the Developer Tools.</li>
            <li class="sg-code-tree-requerio sg-code-tree-requerio-node sg-code-tree-requerio-leaf">Click the adjacent tab to open the Console of the Developer Tools.</li>
            <li class="sg-code-tree-requerio sg-code-tree-requerio-node sg-code-tree-requerio-leaf">Enter the following example in the Console:</li>
            <li class="sg-code-tree-requerio sg-code-tree-requerio-node sg-code-tree-requerio-leaf">requerio.$orgs['#nav'].dispatchAction('css', {backgroundColor: 'green'})</li>
            <li class="sg-code-tree-requerio sg-code-tree-requerio-node sg-code-tree-requerio-leaf">The state change should be immediately visible.</li>
            <li class="sg-code-tree-requerio sg-code-tree-requerio-node sg-code-tree-requerio-leaf">If the nav is hidden because the viewport is too narrow, either widen the viewport, or click the sidebar toggle to show the nav.</li>
            <li class="sg-code-tree-requerio sg-code-tree-requerio-node sg-code-tree-requerio-leaf">If not on the default demo site, or if the #nav element doesn't exist, replace '#nav' with your own selector, and the arguments with your own arguments.</li>
            <li class="sg-code-tree-requerio sg-code-tree-requerio-node sg-code-tree-requerio-leaf"><a href="https://github.com/electric-eloquence/requerio#readme" target="_blank">Main Requerio docs.</a></li>
            <li class="sg-code-tree-requerio sg-code-tree-requerio-node sg-code-tree-requerio-leaf"><a href="https://github.com/electric-eloquence/requerio/blob/dev/docs/methods.md" target="_blank">Action methods and their arguments.</a></li>
          </ul>
        </li>
      </ul>
    </span></li></ul></li><li class="sg-code-tree-requerio sg-code-tree-requerio-node sg-code-tree-requerio-leaf"><span class="sg-code-tree-requerio-key">innerWidth:</span>
<span class="sg-code-tree-requerio-value">null</span></li><li class="sg-code-tree-requerio sg-code-tree-requerio-node sg-code-tree-requerio-leaf"><span class="sg-code-tree-requerio-key">innerHeight:</span>
<span class="sg-code-tree-requerio-value">null</span></li><li class="sg-code-tree-requerio sg-code-tree-requerio-node sg-code-tree-requerio-leaf"><span class="sg-code-tree-requerio-key">outerWidth:</span>
<span class="sg-code-tree-requerio-value">null</span></li><li class="sg-code-tree-requerio sg-code-tree-requerio-node sg-code-tree-requerio-leaf"><span class="sg-code-tree-requerio-key">outerHeight:</span>
<span class="sg-code-tree-requerio-value">null</span></li><li class="sg-code-tree-requerio sg-code-tree-requerio-node sg-code-tree-requerio-leaf"><span class="sg-code-tree-requerio-key">prop:</span>
<span class="sg-code-tree-requerio-value">{}</span></li><li class="sg-code-tree-requerio sg-code-tree-requerio-node sg-code-tree-requerio-leaf"><span class="sg-code-tree-requerio-key">scrollLeft:</span>
<span class="sg-code-tree-requerio-value">0</span></li><li class="sg-code-tree-requerio sg-code-tree-requerio-node sg-code-tree-requerio-leaf"><span class="sg-code-tree-requerio-key">scrollTop:</span>
<span class="sg-code-tree-requerio-value">0</span></li><li class="sg-code-tree-requerio sg-code-tree-requerio-node sg-code-tree-requerio-branch"><span class="clickable sg-code-tree-requerio-key">textContent:</span>
<ul class="sg-code-tree-requerio sg-code-tree-requerio-branch sg-code-tree-requerio-value"><li class="sg-code-tree-requerio sg-code-tree-requerio-node sg-code-tree-requerio-leaf"><span class="sg-code-tree-requerio-value">
      
        
          How to dispatch actions in your browser's Developer Tools:
          
            Use your cursor to inspect the Requerio organism you wish to dispatch actions on.
            This should open the Inspector or Elements tab of the Developer Tools.
            Click the adjacent tab to open the Console of the Developer Tools.
            Enter the following example in the Console:
            requerio.$orgs['#nav'].dispatchAction('css', {backgroundColor: 'green'})
            The state change should be immediately visible.
            If the nav is hidden because the viewport is too narrow, either widen the viewport, or click the sidebar toggle to show the nav.
            If not on the default demo site, or if the #nav element doesn't exist, replace '#nav' with your own selector, and the arguments with your own arguments.
            Main Requerio docs.
            Action methods and their arguments.
          
        
      
    </span></li></ul></li><li class="sg-code-tree-requerio sg-code-tree-requerio-node sg-code-tree-requerio-leaf"><span class="sg-code-tree-requerio-key">width:</span>
<span class="sg-code-tree-requerio-value">null</span></li><li class="sg-code-tree-requerio sg-code-tree-requerio-node sg-code-tree-requerio-leaf"><span class="sg-code-tree-requerio-key">height:</span>
<span class="sg-code-tree-requerio-value">null</span></li><li class="sg-code-tree-requerio sg-code-tree-requerio-node sg-code-tree-requerio-branch"><span class="clickable sg-code-tree-requerio-key">$members:</span>
<ul class="sg-code-tree-requerio sg-code-tree-requerio-branch sg-code-tree-requerio-value"><li class="sg-code-tree-requerio sg-code-tree-requerio-node sg-code-tree-requerio-branch"><span class="clickable sg-code-tree-requerio-key">0:</span>
<ul class="sg-code-tree-requerio sg-code-tree-requerio-branch sg-code-tree-requerio-value"><li class="sg-code-tree-requerio sg-code-tree-requerio-node sg-code-tree-requerio-leaf"><span class="sg-code-tree-requerio-key">attribs:</span>
<span class="sg-code-tree-requerio-value">{}</span></li><li class="sg-code-tree-requerio sg-code-tree-requerio-node sg-code-tree-requerio-branch"><span class="clickable sg-code-tree-requerio-key">boundingClientRect:</span>
<ul class="sg-code-tree-requerio sg-code-tree-requerio-branch sg-code-tree-requerio-value"><li class="sg-code-tree-requerio sg-code-tree-requerio-node sg-code-tree-requerio-leaf"><span class="sg-code-tree-requerio-key">width:</span>
<span class="sg-code-tree-requerio-value">null</span></li><li class="sg-code-tree-requerio sg-code-tree-requerio-node sg-code-tree-requerio-leaf"><span class="sg-code-tree-requerio-key">height:</span>
<span class="sg-code-tree-requerio-value">null</span></li><li class="sg-code-tree-requerio sg-code-tree-requerio-node sg-code-tree-requerio-leaf"><span class="sg-code-tree-requerio-key">top:</span>
<span class="sg-code-tree-requerio-value">null</span></li><li class="sg-code-tree-requerio sg-code-tree-requerio-node sg-code-tree-requerio-leaf"><span class="sg-code-tree-requerio-key">right:</span>
<span class="sg-code-tree-requerio-value">null</span></li><li class="sg-code-tree-requerio sg-code-tree-requerio-node sg-code-tree-requerio-leaf"><span class="sg-code-tree-requerio-key">bottom:</span>
<span class="sg-code-tree-requerio-value">null</span></li><li class="sg-code-tree-requerio sg-code-tree-requerio-node sg-code-tree-requerio-leaf"><span class="sg-code-tree-requerio-key">left:</span>
<span class="sg-code-tree-requerio-value">null</span></li><li class="sg-code-tree-requerio sg-code-tree-requerio-node sg-code-tree-requerio-leaf"><span class="sg-code-tree-requerio-key">x:</span>
<span class="sg-code-tree-requerio-value">null</span></li><li class="sg-code-tree-requerio sg-code-tree-requerio-node sg-code-tree-requerio-leaf"><span class="sg-code-tree-requerio-key">y:</span>
<span class="sg-code-tree-requerio-value">null</span></li></ul></li><li class="sg-code-tree-requerio sg-code-tree-requerio-node sg-code-tree-requerio-leaf"><span class="sg-code-tree-requerio-key">classArray:</span>
<span class="sg-code-tree-requerio-value">[]</span></li><li class="sg-code-tree-requerio sg-code-tree-requerio-node sg-code-tree-requerio-leaf"><span class="sg-code-tree-requerio-key">css:</span>
<span class="sg-code-tree-requerio-value">{}</span></li><li class="sg-code-tree-requerio sg-code-tree-requerio-node sg-code-tree-requerio-leaf"><span class="sg-code-tree-requerio-key">data:</span>
<span class="sg-code-tree-requerio-value">{}</span></li><li class="sg-code-tree-requerio sg-code-tree-requerio-node sg-code-tree-requerio-leaf"><span class="sg-code-tree-requerio-key">html:</span>
<span class="sg-code-tree-requerio-value">null</span></li><li class="sg-code-tree-requerio sg-code-tree-requerio-node sg-code-tree-requerio-leaf"><span class="sg-code-tree-requerio-key">innerWidth:</span>
<span class="sg-code-tree-requerio-value">null</span></li><li class="sg-code-tree-requerio sg-code-tree-requerio-node sg-code-tree-requerio-leaf"><span class="sg-code-tree-requerio-key">innerHeight:</span>
<span class="sg-code-tree-requerio-value">null</span></li><li class="sg-code-tree-requerio sg-code-tree-requerio-node sg-code-tree-requerio-leaf"><span class="sg-code-tree-requerio-key">outerWidth:</span>
<span class="sg-code-tree-requerio-value">null</span></li><li class="sg-code-tree-requerio sg-code-tree-requerio-node sg-code-tree-requerio-leaf"><span class="sg-code-tree-requerio-key">outerHeight:</span>
<span class="sg-code-tree-requerio-value">null</span></li><li class="sg-code-tree-requerio sg-code-tree-requerio-node sg-code-tree-requerio-leaf"><span class="sg-code-tree-requerio-key">prop:</span>
<span class="sg-code-tree-requerio-value">{}</span></li><li class="sg-code-tree-requerio sg-code-tree-requerio-node sg-code-tree-requerio-leaf"><span class="sg-code-tree-requerio-key">scrollLeft:</span>
<span class="sg-code-tree-requerio-value">null</span></li><li class="sg-code-tree-requerio sg-code-tree-requerio-node sg-code-tree-requerio-leaf"><span class="sg-code-tree-requerio-key">scrollTop:</span>
<span class="sg-code-tree-requerio-value">null</span></li><li class="sg-code-tree-requerio sg-code-tree-requerio-node sg-code-tree-requerio-leaf"><span class="sg-code-tree-requerio-key">textContent:</span>
<span class="sg-code-tree-requerio-value">null</span></li><li class="sg-code-tree-requerio sg-code-tree-requerio-node sg-code-tree-requerio-leaf"><span class="sg-code-tree-requerio-key">width:</span>
<span class="sg-code-tree-requerio-value">null</span></li><li class="sg-code-tree-requerio sg-code-tree-requerio-node sg-code-tree-requerio-leaf"><span class="sg-code-tree-requerio-key">height:</span>
<span class="sg-code-tree-requerio-value">null</span></li></ul></li></ul></li><li class="sg-code-tree-requerio sg-code-tree-requerio-node sg-code-tree-requerio-leaf"><span class="sg-code-tree-requerio-key">members:</span>
<span class="sg-code-tree-requerio-value">1</span></li></ul></li><li class="sg-code-tree-requerio sg-code-tree-requerio-node sg-code-tree-requerio-branch"><span class="clickable sg-code-tree-requerio-key">#sg-code-pane-requerio-na:</span>
<ul class="sg-code-tree-requerio sg-code-tree-requerio-branch sg-code-tree-requerio-value"><li class="sg-code-tree-requerio sg-code-tree-requerio-node sg-code-tree-requerio-leaf"><span class="sg-code-tree-requerio-key">attribs:</span>
<span class="sg-code-tree-requerio-value">{}</span></li><li class="sg-code-tree-requerio sg-code-tree-requerio-node sg-code-tree-requerio-branch"><span class="clickable sg-code-tree-requerio-key">boundingClientRect:</span>
<ul class="sg-code-tree-requerio sg-code-tree-requerio-branch sg-code-tree-requerio-value"><li class="sg-code-tree-requerio sg-code-tree-requerio-node sg-code-tree-requerio-leaf"><span class="sg-code-tree-requerio-key">width:</span>
<span class="sg-code-tree-requerio-value">null</span></li><li class="sg-code-tree-requerio sg-code-tree-requerio-node sg-code-tree-requerio-leaf"><span class="sg-code-tree-requerio-key">height:</span>
<span class="sg-code-tree-requerio-value">null</span></li><li class="sg-code-tree-requerio sg-code-tree-requerio-node sg-code-tree-requerio-leaf"><span class="sg-code-tree-requerio-key">top:</span>
<span class="sg-code-tree-requerio-value">null</span></li><li class="sg-code-tree-requerio sg-code-tree-requerio-node sg-code-tree-requerio-leaf"><span class="sg-code-tree-requerio-key">right:</span>
<span class="sg-code-tree-requerio-value">null</span></li><li class="sg-code-tree-requerio sg-code-tree-requerio-node sg-code-tree-requerio-leaf"><span class="sg-code-tree-requerio-key">bottom:</span>
<span class="sg-code-tree-requerio-value">null</span></li><li class="sg-code-tree-requerio sg-code-tree-requerio-node sg-code-tree-requerio-leaf"><span class="sg-code-tree-requerio-key">left:</span>
<span class="sg-code-tree-requerio-value">null</span></li><li class="sg-code-tree-requerio sg-code-tree-requerio-node sg-code-tree-requerio-leaf"><span class="sg-code-tree-requerio-key">x:</span>
<span class="sg-code-tree-requerio-value">null</span></li><li class="sg-code-tree-requerio sg-code-tree-requerio-node sg-code-tree-requerio-leaf"><span class="sg-code-tree-requerio-key">y:</span>
<span class="sg-code-tree-requerio-value">null</span></li></ul></li><li class="sg-code-tree-requerio sg-code-tree-requerio-node sg-code-tree-requerio-leaf"><span class="sg-code-tree-requerio-key">classArray:</span>
<span class="sg-code-tree-requerio-value">[]</span></li><li class="sg-code-tree-requerio sg-code-tree-requerio-node sg-code-tree-requerio-leaf"><span class="sg-code-tree-requerio-key">css:</span>
<span class="sg-code-tree-requerio-value">{}</span></li><li class="sg-code-tree-requerio sg-code-tree-requerio-node sg-code-tree-requerio-leaf"><span class="sg-code-tree-requerio-key">data:</span>
<span class="sg-code-tree-requerio-value">{}</span></li><li class="sg-code-tree-requerio sg-code-tree-requerio-node sg-code-tree-requerio-leaf"><span class="sg-code-tree-requerio-key">html:</span>
<span class="sg-code-tree-requerio-value">null</span></li><li class="sg-code-tree-requerio sg-code-tree-requerio-node sg-code-tree-requerio-leaf"><span class="sg-code-tree-requerio-key">innerWidth:</span>
<span class="sg-code-tree-requerio-value">null</span></li><li class="sg-code-tree-requerio sg-code-tree-requerio-node sg-code-tree-requerio-leaf"><span class="sg-code-tree-requerio-key">innerHeight:</span>
<span class="sg-code-tree-requerio-value">null</span></li><li class="sg-code-tree-requerio sg-code-tree-requerio-node sg-code-tree-requerio-leaf"><span class="sg-code-tree-requerio-key">outerWidth:</span>
<span class="sg-code-tree-requerio-value">null</span></li><li class="sg-code-tree-requerio sg-code-tree-requerio-node sg-code-tree-requerio-leaf"><span class="sg-code-tree-requerio-key">outerHeight:</span>
<span class="sg-code-tree-requerio-value">null</span></li><li class="sg-code-tree-requerio sg-code-tree-requerio-node sg-code-tree-requerio-leaf"><span class="sg-code-tree-requerio-key">prop:</span>
<span class="sg-code-tree-requerio-value">{}</span></li><li class="sg-code-tree-requerio sg-code-tree-requerio-node sg-code-tree-requerio-leaf"><span class="sg-code-tree-requerio-key">scrollLeft:</span>
<span class="sg-code-tree-requerio-value">null</span></li><li class="sg-code-tree-requerio sg-code-tree-requerio-node sg-code-tree-requerio-leaf"><span class="sg-code-tree-requerio-key">scrollTop:</span>
<span class="sg-code-tree-requerio-value">null</span></li><li class="sg-code-tree-requerio sg-code-tree-requerio-node sg-code-tree-requerio-leaf"><span class="sg-code-tree-requerio-key">textContent:</span>
<span class="sg-code-tree-requerio-value">null</span></li><li class="sg-code-tree-requerio sg-code-tree-requerio-node sg-code-tree-requerio-leaf"><span class="sg-code-tree-requerio-key">width:</span>
<span class="sg-code-tree-requerio-value">null</span></li><li class="sg-code-tree-requerio sg-code-tree-requerio-node sg-code-tree-requerio-leaf"><span class="sg-code-tree-requerio-key">height:</span>
<span class="sg-code-tree-requerio-value">null</span></li><li class="sg-code-tree-requerio sg-code-tree-requerio-node sg-code-tree-requerio-leaf"><span class="sg-code-tree-requerio-key">$members:</span>
<span class="sg-code-tree-requerio-value">[]</span></li><li class="sg-code-tree-requerio sg-code-tree-requerio-node sg-code-tree-requerio-leaf"><span class="sg-code-tree-requerio-key">members:</span>
<span class="sg-code-tree-requerio-value">undefined</span></li></ul></li><li class="sg-code-tree-requerio sg-code-tree-requerio-node sg-code-tree-requerio-branch"><span class="clickable sg-code-tree-requerio-key">#sg-nav-message-test:</span>
<ul class="sg-code-tree-requerio sg-code-tree-requerio-branch sg-code-tree-requerio-value"><li class="sg-code-tree-requerio sg-code-tree-requerio-node sg-code-tree-requerio-leaf"><span class="sg-code-tree-requerio-key">attribs:</span>
<span class="sg-code-tree-requerio-value">{}</span></li><li class="sg-code-tree-requerio sg-code-tree-requerio-node sg-code-tree-requerio-branch"><span class="clickable sg-code-tree-requerio-key">boundingClientRect:</span>
<ul class="sg-code-tree-requerio sg-code-tree-requerio-branch sg-code-tree-requerio-value"><li class="sg-code-tree-requerio sg-code-tree-requerio-node sg-code-tree-requerio-leaf"><span class="sg-code-tree-requerio-key">width:</span>
<span class="sg-code-tree-requerio-value">null</span></li><li class="sg-code-tree-requerio sg-code-tree-requerio-node sg-code-tree-requerio-leaf"><span class="sg-code-tree-requerio-key">height:</span>
<span class="sg-code-tree-requerio-value">null</span></li><li class="sg-code-tree-requerio sg-code-tree-requerio-node sg-code-tree-requerio-leaf"><span class="sg-code-tree-requerio-key">top:</span>
<span class="sg-code-tree-requerio-value">null</span></li><li class="sg-code-tree-requerio sg-code-tree-requerio-node sg-code-tree-requerio-leaf"><span class="sg-code-tree-requerio-key">right:</span>
<span class="sg-code-tree-requerio-value">null</span></li><li class="sg-code-tree-requerio sg-code-tree-requerio-node sg-code-tree-requerio-leaf"><span class="sg-code-tree-requerio-key">bottom:</span>
<span class="sg-code-tree-requerio-value">null</span></li><li class="sg-code-tree-requerio sg-code-tree-requerio-node sg-code-tree-requerio-leaf"><span class="sg-code-tree-requerio-key">left:</span>
<span class="sg-code-tree-requerio-value">null</span></li><li class="sg-code-tree-requerio sg-code-tree-requerio-node sg-code-tree-requerio-leaf"><span class="sg-code-tree-requerio-key">x:</span>
<span class="sg-code-tree-requerio-value">null</span></li><li class="sg-code-tree-requerio sg-code-tree-requerio-node sg-code-tree-requerio-leaf"><span class="sg-code-tree-requerio-key">y:</span>
<span class="sg-code-tree-requerio-value">null</span></li></ul></li><li class="sg-code-tree-requerio sg-code-tree-requerio-node sg-code-tree-requerio-leaf"><span class="sg-code-tree-requerio-key">classArray:</span>
<span class="sg-code-tree-requerio-value">[]</span></li><li class="sg-code-tree-requerio sg-code-tree-requerio-node sg-code-tree-requerio-leaf"><span class="sg-code-tree-requerio-key">css:</span>
<span class="sg-code-tree-requerio-value">{}</span></li><li class="sg-code-tree-requerio sg-code-tree-requerio-node sg-code-tree-requerio-leaf"><span class="sg-code-tree-requerio-key">data:</span>
<span class="sg-code-tree-requerio-value">{}</span></li><li class="sg-code-tree-requerio sg-code-tree-requerio-node sg-code-tree-requerio-leaf"><span class="sg-code-tree-requerio-key">html:</span>
<span class="sg-code-tree-requerio-value">null</span></li><li class="sg-code-tree-requerio sg-code-tree-requerio-node sg-code-tree-requerio-leaf"><span class="sg-code-tree-requerio-key">innerWidth:</span>
<span class="sg-code-tree-requerio-value">null</span></li><li class="sg-code-tree-requerio sg-code-tree-requerio-node sg-code-tree-requerio-leaf"><span class="sg-code-tree-requerio-key">innerHeight:</span>
<span class="sg-code-tree-requerio-value">null</span></li><li class="sg-code-tree-requerio sg-code-tree-requerio-node sg-code-tree-requerio-leaf"><span class="sg-code-tree-requerio-key">outerWidth:</span>
<span class="sg-code-tree-requerio-value">null</span></li><li class="sg-code-tree-requerio sg-code-tree-requerio-node sg-code-tree-requerio-leaf"><span class="sg-code-tree-requerio-key">outerHeight:</span>
<span class="sg-code-tree-requerio-value">null</span></li><li class="sg-code-tree-requerio sg-code-tree-requerio-node sg-code-tree-requerio-leaf"><span class="sg-code-tree-requerio-key">prop:</span>
<span class="sg-code-tree-requerio-value">{}</span></li><li class="sg-code-tree-requerio sg-code-tree-requerio-node sg-code-tree-requerio-leaf"><span class="sg-code-tree-requerio-key">scrollLeft:</span>
<span class="sg-code-tree-requerio-value">null</span></li><li class="sg-code-tree-requerio sg-code-tree-requerio-node sg-code-tree-requerio-leaf"><span class="sg-code-tree-requerio-key">scrollTop:</span>
<span class="sg-code-tree-requerio-value">null</span></li><li class="sg-code-tree-requerio sg-code-tree-requerio-node sg-code-tree-requerio-leaf"><span class="sg-code-tree-requerio-key">textContent:</span>
<span class="sg-code-tree-requerio-value">null</span></li><li class="sg-code-tree-requerio sg-code-tree-requerio-node sg-code-tree-requerio-leaf"><span class="sg-code-tree-requerio-key">width:</span>
<span class="sg-code-tree-requerio-value">null</span></li><li class="sg-code-tree-requerio sg-code-tree-requerio-node sg-code-tree-requerio-leaf"><span class="sg-code-tree-requerio-key">height:</span>
<span class="sg-code-tree-requerio-value">null</span></li><li class="sg-code-tree-requerio sg-code-tree-requerio-node sg-code-tree-requerio-leaf"><span class="sg-code-tree-requerio-key">$members:</span>
<span class="sg-code-tree-requerio-value">[]</span></li><li class="sg-code-tree-requerio sg-code-tree-requerio-node sg-code-tree-requerio-leaf"><span class="sg-code-tree-requerio-key">members:</span>
<span class="sg-code-tree-requerio-value">undefined</span></li></ul></li><li class="sg-code-tree-requerio sg-code-tree-requerio-node sg-code-tree-requerio-branch"><span class="clickable sg-code-tree-requerio-key">#sg-viewport:</span>
<ul class="sg-code-tree-requerio sg-code-tree-requerio-branch sg-code-tree-requerio-value"><li class="sg-code-tree-requerio sg-code-tree-requerio-node sg-code-tree-requerio-leaf"><span class="sg-code-tree-requerio-key">attribs:</span>
<span class="sg-code-tree-requerio-value">{}</span></li><li class="sg-code-tree-requerio sg-code-tree-requerio-node sg-code-tree-requerio-branch"><span class="clickable sg-code-tree-requerio-key">boundingClientRect:</span>
<ul class="sg-code-tree-requerio sg-code-tree-requerio-branch sg-code-tree-requerio-value"><li class="sg-code-tree-requerio sg-code-tree-requerio-node sg-code-tree-requerio-leaf"><span class="sg-code-tree-requerio-key">width:</span>
<span class="sg-code-tree-requerio-value">null</span></li><li class="sg-code-tree-requerio sg-code-tree-requerio-node sg-code-tree-requerio-leaf"><span class="sg-code-tree-requerio-key">height:</span>
<span class="sg-code-tree-requerio-value">null</span></li><li class="sg-code-tree-requerio sg-code-tree-requerio-node sg-code-tree-requerio-leaf"><span class="sg-code-tree-requerio-key">top:</span>
<span class="sg-code-tree-requerio-value">null</span></li><li class="sg-code-tree-requerio sg-code-tree-requerio-node sg-code-tree-requerio-leaf"><span class="sg-code-tree-requerio-key">right:</span>
<span class="sg-code-tree-requerio-value">null</span></li><li class="sg-code-tree-requerio sg-code-tree-requerio-node sg-code-tree-requerio-leaf"><span class="sg-code-tree-requerio-key">bottom:</span>
<span class="sg-code-tree-requerio-value">null</span></li><li class="sg-code-tree-requerio sg-code-tree-requerio-node sg-code-tree-requerio-leaf"><span class="sg-code-tree-requerio-key">left:</span>
<span class="sg-code-tree-requerio-value">null</span></li><li class="sg-code-tree-requerio sg-code-tree-requerio-node sg-code-tree-requerio-leaf"><span class="sg-code-tree-requerio-key">x:</span>
<span class="sg-code-tree-requerio-value">null</span></li><li class="sg-code-tree-requerio sg-code-tree-requerio-node sg-code-tree-requerio-leaf"><span class="sg-code-tree-requerio-key">y:</span>
<span class="sg-code-tree-requerio-value">null</span></li></ul></li><li class="sg-code-tree-requerio sg-code-tree-requerio-node sg-code-tree-requerio-leaf"><span class="sg-code-tree-requerio-key">classArray:</span>
<span class="sg-code-tree-requerio-value">[]</span></li><li class="sg-code-tree-requerio sg-code-tree-requerio-node sg-code-tree-requerio-leaf"><span class="sg-code-tree-requerio-key">css:</span>
<span class="sg-code-tree-requerio-value">{}</span></li><li class="sg-code-tree-requerio sg-code-tree-requerio-node sg-code-tree-requerio-leaf"><span class="sg-code-tree-requerio-key">data:</span>
<span class="sg-code-tree-requerio-value">{}</span></li><li class="sg-code-tree-requerio sg-code-tree-requerio-node sg-code-tree-requerio-leaf"><span class="sg-code-tree-requerio-key">html:</span>
<span class="sg-code-tree-requerio-value">null</span></li><li class="sg-code-tree-requerio sg-code-tree-requerio-node sg-code-tree-requerio-leaf"><span class="sg-code-tree-requerio-key">innerWidth:</span>
<span class="sg-code-tree-requerio-value">null</span></li><li class="sg-code-tree-requerio sg-code-tree-requerio-node sg-code-tree-requerio-leaf"><span class="sg-code-tree-requerio-key">innerHeight:</span>
<span class="sg-code-tree-requerio-value">null</span></li><li class="sg-code-tree-requerio sg-code-tree-requerio-node sg-code-tree-requerio-leaf"><span class="sg-code-tree-requerio-key">outerWidth:</span>
<span class="sg-code-tree-requerio-value">null</span></li><li class="sg-code-tree-requerio sg-code-tree-requerio-node sg-code-tree-requerio-leaf"><span class="sg-code-tree-requerio-key">outerHeight:</span>
<span class="sg-code-tree-requerio-value">null</span></li><li class="sg-code-tree-requerio sg-code-tree-requerio-node sg-code-tree-requerio-leaf"><span class="sg-code-tree-requerio-key">prop:</span>
<span class="sg-code-tree-requerio-value">{}</span></li><li class="sg-code-tree-requerio sg-code-tree-requerio-node sg-code-tree-requerio-leaf"><span class="sg-code-tree-requerio-key">scrollLeft:</span>
<span class="sg-code-tree-requerio-value">null</span></li><li class="sg-code-tree-requerio sg-code-tree-requerio-node sg-code-tree-requerio-leaf"><span class="sg-code-tree-requerio-key">scrollTop:</span>
<span class="sg-code-tree-requerio-value">null</span></li><li class="sg-code-tree-requerio sg-code-tree-requerio-node sg-code-tree-requerio-leaf"><span class="sg-code-tree-requerio-key">textContent:</span>
<span class="sg-code-tree-requerio-value">null</span></li><li class="sg-code-tree-requerio sg-code-tree-requerio-node sg-code-tree-requerio-leaf"><span class="sg-code-tree-requerio-key">width:</span>
<span class="sg-code-tree-requerio-value">null</span></li><li class="sg-code-tree-requerio sg-code-tree-requerio-node sg-code-tree-requerio-leaf"><span class="sg-code-tree-requerio-key">height:</span>
<span class="sg-code-tree-requerio-value">null</span></li><li class="sg-code-tree-requerio sg-code-tree-requerio-node sg-code-tree-requerio-leaf"><span class="sg-code-tree-requerio-key">$members:</span>
<span class="sg-code-tree-requerio-value">[]</span></li><li class="sg-code-tree-requerio sg-code-tree-requerio-node sg-code-tree-requerio-leaf"><span class="sg-code-tree-requerio-key">members:</span>
<span class="sg-code-tree-requerio-value">undefined</span></li></ul></li></ul>